// Jest Snapshot v1, https://goo.gl/fbAQLP

exports[`Oracle #grow gas for growing by 1 slot when index != cardinality - 1 1`] = `
Object {
  "calldataByteLength": 36,
  "gasUsed": 49072,
}
`;

exports[`Oracle #grow gas for growing by 1 slot when index == cardinality - 1 1`] = `
Object {
  "calldataByteLength": 36,
  "gasUsed": 49072,
}
`;

exports[`Oracle #grow gas for growing by 10 slots when index != cardinality - 1 1`] = `
Object {
  "calldataByteLength": 36,
  "gasUsed": 249214,
}
`;

exports[`Oracle #grow gas for growing by 10 slots when index == cardinality - 1 1`] = `
Object {
  "calldataByteLength": 36,
  "gasUsed": 249214,
}
`;

exports[`Oracle #initialize gas 1`] = `
Object {
  "calldataByteLength": 100,
  "gasUsed": 67690,
}
`;

exports[`Oracle #observe before initialization gas for observe since most recent 1`] = `4615`;

exports[`Oracle #observe before initialization gas for single observation at current time 1`] = `3525`;

exports[`Oracle #observe before initialization gas for single observation at current time counterfactually computed 1`] = `4000`;

exports[`Oracle #observe initialized with 5 observations with starting time of 5 fetch many values 1`] = `
Object {
  "secondsPerLiquidityCumulativeX128s": Array [
    "544451787073501541541399371890829138329",
    "799663562264205389138930327464655296921",
    "1045423049484883168306923099498710116305",
    "1423514568285925905488450441089563684590",
    "2152691068830794041481396028443352709138",
    "2347138135642758877746181518404363115684",
    "2395749902345750086812377890894615717321",
  ],
  "tickCumulatives": Array [
    -13,
    -31,
    -43,
    -37,
    -15,
    9,
    15,
  ],
}
`;

exports[`Oracle #observe initialized with 5 observations with starting time of 5 gas all of last 20 seconds 1`] = `87289`;

exports[`Oracle #observe initialized with 5 observations with starting time of 5 gas between oldest and oldest + 1 1`] = `15571`;

exports[`Oracle #observe initialized with 5 observations with starting time of 5 gas latest equal 1`] = `3525`;

exports[`Oracle #observe initialized with 5 observations with starting time of 5 gas latest transform 1`] = `4000`;

exports[`Oracle #observe initialized with 5 observations with starting time of 5 gas middle 1`] = `13746`;

exports[`Oracle #observe initialized with 5 observations with starting time of 5 gas oldest 1`] = `15277`;

exports[`Oracle #observe initialized with 5 observations with starting time of 4294967291 fetch many values 1`] = `
Object {
  "secondsPerLiquidityCumulativeX128s": Array [
    "544451787073501541541399371890829138329",
    "799663562264205389138930327464655296921",
    "1045423049484883168306923099498710116305",
    "1423514568285925905488450441089563684590",
    "2152691068830794041481396028443352709138",
    "2347138135642758877746181518404363115684",
    "2395749902345750086812377890894615717321",
  ],
  "tickCumulatives": Array [
    -13,
    -31,
    -43,
    -37,
    -15,
    9,
    15,
  ],
}
`;

exports[`Oracle #observe initialized with 5 observations with starting time of 4294967291 gas all of last 20 seconds 1`] = `87289`;

exports[`Oracle #observe initialized with 5 observations with starting time of 4294967291 gas between oldest and oldest + 1 1`] = `15571`;

exports[`Oracle #observe initialized with 5 observations with starting time of 4294967291 gas latest equal 1`] = `3525`;

exports[`Oracle #observe initialized with 5 observations with starting time of 4294967291 gas latest transform 1`] = `4000`;

exports[`Oracle #observe initialized with 5 observations with starting time of 4294967291 gas middle 1`] = `13746`;

exports[`Oracle #observe initialized with 5 observations with starting time of 4294967291 gas oldest 1`] = `15277`;
