// Jest Snapshot v1, https://goo.gl/fbAQLP

exports[`PoolManager bytecode size 1`] = `28949`;
