// Jest Snapshot v1, https://goo.gl/fbAQLP

exports[`LimitOrderHooks bytecode size 1`] = `13038`;
