// Jest Snapshot v1, https://goo.gl/fbAQLP

exports[`Pool gas tests fee is off #burn above current price burn entire position after some time passes 1`] = `94038`;

exports[`Pool gas tests fee is off #burn above current price burn when only position using ticks 1`] = `94038`;

exports[`Pool gas tests fee is off #burn above current price entire position burn but other positions are using the ticks 1`] = `93195`;

exports[`Pool gas tests fee is off #burn above current price partial position burn 1`] = `97995`;

exports[`Pool gas tests fee is off #burn around current price burn entire position after some time passes 1`] = `111384`;

exports[`Pool gas tests fee is off #burn around current price burn when only position using ticks 1`] = `106341`;

exports[`Pool gas tests fee is off #burn around current price entire position burn but other positions are using the ticks 1`] = `98174`;

exports[`Pool gas tests fee is off #burn around current price partial position burn 1`] = `102974`;

exports[`Pool gas tests fee is off #burn below current price burn entire position after some time passes 1`] = `103589`;

exports[`Pool gas tests fee is off #burn below current price burn when only position using ticks 1`] = `103589`;

exports[`Pool gas tests fee is off #burn below current price entire position burn but other positions are using the ticks 1`] = `93934`;

exports[`Pool gas tests fee is off #burn below current price partial position burn 1`] = `98734`;

exports[`Pool gas tests fee is off #collect close to worst case 1`] = `46676`;

exports[`Pool gas tests fee is off #increaseObservationCardinalityNext grow by 1 slot 1`] = `51153`;

exports[`Pool gas tests fee is off #increaseObservationCardinalityNext no op 1`] = `24740`;

exports[`Pool gas tests fee is off #mint above current price add to position after some time passes 1`] = `109822`;

exports[`Pool gas tests fee is off #mint above current price add to position existing 1`] = `109822`;

exports[`Pool gas tests fee is off #mint above current price new position mint first in range 1`] = `228456`;

exports[`Pool gas tests fee is off #mint above current price second position in same range 1`] = `126922`;

exports[`Pool gas tests fee is off #mint around current price add to position after some time passes 1`] = `147924`;

exports[`Pool gas tests fee is off #mint around current price add to position existing 1`] = `138819`;

exports[`Pool gas tests fee is off #mint around current price new position mint first in range 1`] = `328991`;

exports[`Pool gas tests fee is off #mint around current price second position in same range 1`] = `155919`;

exports[`Pool gas tests fee is off #mint below current price add to position after some time passes 1`] = `110548`;

exports[`Pool gas tests fee is off #mint below current price add to position existing 1`] = `110548`;

exports[`Pool gas tests fee is off #mint below current price new position mint first in range 1`] = `310248`;

exports[`Pool gas tests fee is off #mint below current price second position in same range 1`] = `127648`;

exports[`Pool gas tests fee is off #poke best case 1`] = `52238`;

exports[`Pool gas tests fee is off #snapshotCumulativesInside tick above 1`] = `29870`;

exports[`Pool gas tests fee is off #snapshotCumulativesInside tick below 1`] = `29832`;

exports[`Pool gas tests fee is off #snapshotCumulativesInside tick inside 1`] = `37219`;

exports[`Pool gas tests fee is off #swapExact0For1 first swap in block moves tick, no initialized crossings 1`] = `115975`;

exports[`Pool gas tests fee is off #swapExact0For1 first swap in block with no tick movement 1`] = `100058`;

exports[`Pool gas tests fee is off #swapExact0For1 first swap in block, large swap crossing a single initialized tick 1`] = `141266`;

exports[`Pool gas tests fee is off #swapExact0For1 first swap in block, large swap crossing several initialized ticks 1`] = `195223`;

exports[`Pool gas tests fee is off #swapExact0For1 first swap in block, large swap, no initialized crossings 1`] = `130904`;

exports[`Pool gas tests fee is off #swapExact0For1 large swap crossing several initialized ticks after some time passes 1`] = `195223`;

exports[`Pool gas tests fee is off #swapExact0For1 large swap crossing several initialized ticks second time after some time passes 1`] = `214423`;

exports[`Pool gas tests fee is off #swapExact0For1 second swap in block moves tick, no initialized crossings 1`] = `115975`;

exports[`Pool gas tests fee is off #swapExact0For1 second swap in block with no tick movement 1`] = `100169`;

exports[`Pool gas tests fee is off #swapExact0For1 second swap in block, large swap crossing a single initialized tick 1`] = `127764`;

exports[`Pool gas tests fee is off #swapExact0For1 second swap in block, large swap crossing several initialized ticks 1`] = `181689`;

exports[`Pool gas tests fee is on #burn above current price burn entire position after some time passes 1`] = `94038`;

exports[`Pool gas tests fee is on #burn above current price burn when only position using ticks 1`] = `94038`;

exports[`Pool gas tests fee is on #burn above current price entire position burn but other positions are using the ticks 1`] = `93195`;

exports[`Pool gas tests fee is on #burn above current price partial position burn 1`] = `97995`;

exports[`Pool gas tests fee is on #burn around current price burn entire position after some time passes 1`] = `111384`;

exports[`Pool gas tests fee is on #burn around current price burn when only position using ticks 1`] = `106341`;

exports[`Pool gas tests fee is on #burn around current price entire position burn but other positions are using the ticks 1`] = `98174`;

exports[`Pool gas tests fee is on #burn around current price partial position burn 1`] = `102974`;

exports[`Pool gas tests fee is on #burn below current price burn entire position after some time passes 1`] = `103589`;

exports[`Pool gas tests fee is on #burn below current price burn when only position using ticks 1`] = `103589`;

exports[`Pool gas tests fee is on #burn below current price entire position burn but other positions are using the ticks 1`] = `93934`;

exports[`Pool gas tests fee is on #burn below current price partial position burn 1`] = `98734`;

exports[`Pool gas tests fee is on #collect close to worst case 1`] = `46676`;

exports[`Pool gas tests fee is on #increaseObservationCardinalityNext grow by 1 slot 1`] = `51153`;

exports[`Pool gas tests fee is on #increaseObservationCardinalityNext no op 1`] = `24740`;

exports[`Pool gas tests fee is on #mint above current price add to position after some time passes 1`] = `109822`;

exports[`Pool gas tests fee is on #mint above current price add to position existing 1`] = `109822`;

exports[`Pool gas tests fee is on #mint above current price new position mint first in range 1`] = `228456`;

exports[`Pool gas tests fee is on #mint above current price second position in same range 1`] = `126922`;

exports[`Pool gas tests fee is on #mint around current price add to position after some time passes 1`] = `147924`;

exports[`Pool gas tests fee is on #mint around current price add to position existing 1`] = `138819`;

exports[`Pool gas tests fee is on #mint around current price new position mint first in range 1`] = `328991`;

exports[`Pool gas tests fee is on #mint around current price second position in same range 1`] = `155919`;

exports[`Pool gas tests fee is on #mint below current price add to position after some time passes 1`] = `110548`;

exports[`Pool gas tests fee is on #mint below current price add to position existing 1`] = `110548`;

exports[`Pool gas tests fee is on #mint below current price new position mint first in range 1`] = `310248`;

exports[`Pool gas tests fee is on #mint below current price second position in same range 1`] = `127648`;

exports[`Pool gas tests fee is on #poke best case 1`] = `52238`;

exports[`Pool gas tests fee is on #snapshotCumulativesInside tick above 1`] = `29870`;

exports[`Pool gas tests fee is on #snapshotCumulativesInside tick below 1`] = `29832`;

exports[`Pool gas tests fee is on #snapshotCumulativesInside tick inside 1`] = `37219`;

exports[`Pool gas tests fee is on #swapExact0For1 first swap in block moves tick, no initialized crossings 1`] = `121362`;

exports[`Pool gas tests fee is on #swapExact0For1 first swap in block with no tick movement 1`] = `105298`;

exports[`Pool gas tests fee is on #swapExact0For1 first swap in block, large swap crossing a single initialized tick 1`] = `146800`;

exports[`Pool gas tests fee is on #swapExact0For1 first swap in block, large swap crossing several initialized ticks 1`] = `201198`;

exports[`Pool gas tests fee is on #swapExact0For1 first swap in block, large swap, no initialized crossings 1`] = `136585`;

exports[`Pool gas tests fee is on #swapExact0For1 large swap crossing several initialized ticks after some time passes 1`] = `201198`;

exports[`Pool gas tests fee is on #swapExact0For1 large swap crossing several initialized ticks second time after some time passes 1`] = `220398`;

exports[`Pool gas tests fee is on #swapExact0For1 second swap in block moves tick, no initialized crossings 1`] = `121362`;

exports[`Pool gas tests fee is on #swapExact0For1 second swap in block with no tick movement 1`] = `105409`;

exports[`Pool gas tests fee is on #swapExact0For1 second swap in block, large swap crossing a single initialized tick 1`] = `133151`;

exports[`Pool gas tests fee is on #swapExact0For1 second swap in block, large swap crossing several initialized ticks 1`] = `187517`;
