// Jest Snapshot v1, https://goo.gl/fbAQLP

exports[`SwapMath #computeSwapStep gas swap one for zero exact in capped 1`] = `2221`;

exports[`SwapMath #computeSwapStep gas swap one for zero exact in partial 1`] = `3049`;

exports[`SwapMath #computeSwapStep gas swap one for zero exact out capped 1`] = `1968`;

exports[`SwapMath #computeSwapStep gas swap one for zero exact out partial 1`] = `3049`;

exports[`SwapMath #computeSwapStep gas swap zero for one exact in capped 1`] = `2210`;

exports[`SwapMath #computeSwapStep gas swap zero for one exact in partial 1`] = `3208`;

exports[`SwapMath #computeSwapStep gas swap zero for one exact out capped 1`] = `1957`;

exports[`SwapMath #computeSwapStep gas swap zero for one exact out partial 1`] = `3208`;
