// Jest Snapshot v1, https://goo.gl/fbAQLP

exports[`TWAMMMath #calculateExecutionUpdates outputs the correct results when gas 1`] = `
Object {
  "calldataByteLength": 228,
  "gasUsed": 65754,
}
`;
