// Jest Snapshot v1, https://goo.gl/fbAQLP

exports[`UniswapV3Factory #createPool gas 1`] = `256918`;

exports[`UniswapV3Factory factory bytecode size 1`] = `3346`;

exports[`UniswapV3Factory pool bytecode size 1`] = `705`;
