// Jest Snapshot v1, https://goo.gl/fbAQLP

exports[`UniswapV3Pool gas tests fee is off #burn above current price burn entire position after some time passes 1`] = `98740`;

exports[`UniswapV3Pool gas tests fee is off #burn above current price burn when only position using ticks 1`] = `98740`;

exports[`UniswapV3Pool gas tests fee is off #burn above current price entire position burn but other positions are using the ticks 1`] = `97569`;

exports[`UniswapV3Pool gas tests fee is off #burn above current price partial position burn 1`] = `102369`;

exports[`UniswapV3Pool gas tests fee is off #burn around current price burn entire position after some time passes 1`] = `116086`;

exports[`UniswapV3Pool gas tests fee is off #burn around current price burn when only position using ticks 1`] = `111042`;

exports[`UniswapV3Pool gas tests fee is off #burn around current price entire position burn but other positions are using the ticks 1`] = `102548`;

exports[`UniswapV3Pool gas tests fee is off #burn around current price partial position burn 1`] = `107348`;

exports[`UniswapV3Pool gas tests fee is off #burn below current price burn entire position after some time passes 1`] = `108291`;

exports[`UniswapV3Pool gas tests fee is off #burn below current price burn when only position using ticks 1`] = `108291`;

exports[`UniswapV3Pool gas tests fee is off #burn below current price entire position burn but other positions are using the ticks 1`] = `98308`;

exports[`UniswapV3Pool gas tests fee is off #burn below current price partial position burn 1`] = `103108`;

exports[`UniswapV3Pool gas tests fee is off #collect close to worst case 1`] = `50272`;

exports[`UniswapV3Pool gas tests fee is off #increaseObservationCardinalityNext grow by 1 slot 1`] = `53825`;

exports[`UniswapV3Pool gas tests fee is off #increaseObservationCardinalityNext no op 1`] = `27412`;

exports[`UniswapV3Pool gas tests fee is off #mint above current price add to position after some time passes 1`] = `117041`;

exports[`UniswapV3Pool gas tests fee is off #mint above current price add to position existing 1`] = `117041`;

exports[`UniswapV3Pool gas tests fee is off #mint above current price new position mint first in range 1`] = `237177`;

exports[`UniswapV3Pool gas tests fee is off #mint above current price second position in same range 1`] = `134141`;

exports[`UniswapV3Pool gas tests fee is off #mint around current price add to position after some time passes 1`] = `157866`;

exports[`UniswapV3Pool gas tests fee is off #mint around current price add to position existing 1`] = `148760`;

exports[`UniswapV3Pool gas tests fee is off #mint around current price new position mint first in range 1`] = `340435`;

exports[`UniswapV3Pool gas tests fee is off #mint around current price second position in same range 1`] = `165860`;

exports[`UniswapV3Pool gas tests fee is off #mint below current price add to position after some time passes 1`] = `117810`;

exports[`UniswapV3Pool gas tests fee is off #mint below current price add to position existing 1`] = `117810`;

exports[`UniswapV3Pool gas tests fee is off #mint below current price new position mint first in range 1`] = `319012`;

exports[`UniswapV3Pool gas tests fee is off #mint below current price second position in same range 1`] = `134910`;

exports[`UniswapV3Pool gas tests fee is off #poke best case 1`] = `55009`;

exports[`UniswapV3Pool gas tests fee is off #snapshotCumulativesInside tick above 1`] = `32899`;

exports[`UniswapV3Pool gas tests fee is off #snapshotCumulativesInside tick below 1`] = `32860`;

exports[`UniswapV3Pool gas tests fee is off #snapshotCumulativesInside tick inside 1`] = `40305`;

exports[`UniswapV3Pool gas tests fee is off #swapExact0For1 first swap in block moves tick, no initialized crossings 1`] = `125388`;

exports[`UniswapV3Pool gas tests fee is off #swapExact0For1 first swap in block with no tick movement 1`] = `107953`;

exports[`UniswapV3Pool gas tests fee is off #swapExact0For1 first swap in block, large swap crossing a single initialized tick 1`] = `152196`;

exports[`UniswapV3Pool gas tests fee is off #swapExact0For1 first swap in block, large swap crossing several initialized ticks 1`] = `210706`;

exports[`UniswapV3Pool gas tests fee is off #swapExact0For1 first swap in block, large swap, no initialized crossings 1`] = `143351`;

exports[`UniswapV3Pool gas tests fee is off #swapExact0For1 large swap crossing several initialized ticks after some time passes 1`] = `210706`;

exports[`UniswapV3Pool gas tests fee is off #swapExact0For1 large swap crossing several initialized ticks second time after some time passes 1`] = `229906`;

exports[`UniswapV3Pool gas tests fee is off #swapExact0For1 second swap in block moves tick, no initialized crossings 1`] = `125388`;

exports[`UniswapV3Pool gas tests fee is off #swapExact0For1 second swap in block with no tick movement 1`] = `108064`;

exports[`UniswapV3Pool gas tests fee is off #swapExact0For1 second swap in block, large swap crossing a single initialized tick 1`] = `137177`;

exports[`UniswapV3Pool gas tests fee is off #swapExact0For1 second swap in block, large swap crossing several initialized ticks 1`] = `195653`;

exports[`UniswapV3Pool gas tests fee is on #burn above current price burn entire position after some time passes 1`] = `98740`;

exports[`UniswapV3Pool gas tests fee is on #burn above current price burn when only position using ticks 1`] = `98740`;

exports[`UniswapV3Pool gas tests fee is on #burn above current price entire position burn but other positions are using the ticks 1`] = `97569`;

exports[`UniswapV3Pool gas tests fee is on #burn above current price partial position burn 1`] = `102369`;

exports[`UniswapV3Pool gas tests fee is on #burn around current price burn entire position after some time passes 1`] = `116086`;

exports[`UniswapV3Pool gas tests fee is on #burn around current price burn when only position using ticks 1`] = `111042`;

exports[`UniswapV3Pool gas tests fee is on #burn around current price entire position burn but other positions are using the ticks 1`] = `102548`;

exports[`UniswapV3Pool gas tests fee is on #burn around current price partial position burn 1`] = `107348`;

exports[`UniswapV3Pool gas tests fee is on #burn below current price burn entire position after some time passes 1`] = `108291`;

exports[`UniswapV3Pool gas tests fee is on #burn below current price burn when only position using ticks 1`] = `108291`;

exports[`UniswapV3Pool gas tests fee is on #burn below current price entire position burn but other positions are using the ticks 1`] = `98308`;

exports[`UniswapV3Pool gas tests fee is on #burn below current price partial position burn 1`] = `103108`;

exports[`UniswapV3Pool gas tests fee is on #collect close to worst case 1`] = `50272`;

exports[`UniswapV3Pool gas tests fee is on #increaseObservationCardinalityNext grow by 1 slot 1`] = `53825`;

exports[`UniswapV3Pool gas tests fee is on #increaseObservationCardinalityNext no op 1`] = `27412`;

exports[`UniswapV3Pool gas tests fee is on #mint above current price add to position after some time passes 1`] = `117041`;

exports[`UniswapV3Pool gas tests fee is on #mint above current price add to position existing 1`] = `117041`;

exports[`UniswapV3Pool gas tests fee is on #mint above current price new position mint first in range 1`] = `237177`;

exports[`UniswapV3Pool gas tests fee is on #mint above current price second position in same range 1`] = `134141`;

exports[`UniswapV3Pool gas tests fee is on #mint around current price add to position after some time passes 1`] = `157866`;

exports[`UniswapV3Pool gas tests fee is on #mint around current price add to position existing 1`] = `148760`;

exports[`UniswapV3Pool gas tests fee is on #mint around current price new position mint first in range 1`] = `340435`;

exports[`UniswapV3Pool gas tests fee is on #mint around current price second position in same range 1`] = `165860`;

exports[`UniswapV3Pool gas tests fee is on #mint below current price add to position after some time passes 1`] = `117810`;

exports[`UniswapV3Pool gas tests fee is on #mint below current price add to position existing 1`] = `117810`;

exports[`UniswapV3Pool gas tests fee is on #mint below current price new position mint first in range 1`] = `319012`;

exports[`UniswapV3Pool gas tests fee is on #mint below current price second position in same range 1`] = `134910`;

exports[`UniswapV3Pool gas tests fee is on #poke best case 1`] = `55009`;

exports[`UniswapV3Pool gas tests fee is on #snapshotCumulativesInside tick above 1`] = `32899`;

exports[`UniswapV3Pool gas tests fee is on #snapshotCumulativesInside tick below 1`] = `32860`;

exports[`UniswapV3Pool gas tests fee is on #snapshotCumulativesInside tick inside 1`] = `40305`;

exports[`UniswapV3Pool gas tests fee is on #swapExact0For1 first swap in block moves tick, no initialized crossings 1`] = `130775`;

exports[`UniswapV3Pool gas tests fee is on #swapExact0For1 first swap in block with no tick movement 1`] = `113193`;

exports[`UniswapV3Pool gas tests fee is on #swapExact0For1 first swap in block, large swap crossing a single initialized tick 1`] = `157730`;

exports[`UniswapV3Pool gas tests fee is on #swapExact0For1 first swap in block, large swap crossing several initialized ticks 1`] = `216681`;

exports[`UniswapV3Pool gas tests fee is on #swapExact0For1 first swap in block, large swap, no initialized crossings 1`] = `149032`;

exports[`UniswapV3Pool gas tests fee is on #swapExact0For1 large swap crossing several initialized ticks after some time passes 1`] = `216681`;

exports[`UniswapV3Pool gas tests fee is on #swapExact0For1 large swap crossing several initialized ticks second time after some time passes 1`] = `235881`;

exports[`UniswapV3Pool gas tests fee is on #swapExact0For1 second swap in block moves tick, no initialized crossings 1`] = `130775`;

exports[`UniswapV3Pool gas tests fee is on #swapExact0For1 second swap in block with no tick movement 1`] = `113304`;

exports[`UniswapV3Pool gas tests fee is on #swapExact0For1 second swap in block, large swap crossing a single initialized tick 1`] = `142564`;

exports[`UniswapV3Pool gas tests fee is on #swapExact0For1 second swap in block, large swap crossing several initialized ticks 1`] = `201481`;
