<<<<<<< Updated upstream
146557
=======
144930
>>>>>>> Stashed changes
