<<<<<<< Updated upstream
275714
=======
274087
>>>>>>> Stashed changes
