<<<<<<< Updated upstream
320738
=======
319287
>>>>>>> Stashed changes
