<<<<<<< Updated upstream
136837
=======
135406
>>>>>>> Stashed changes
