<<<<<<< Updated upstream
294762
=======
293135
>>>>>>> Stashed changes
