<<<<<<< HEAD
185853
=======
208417
>>>>>>> 46be133 (checkpoint: adding withdraw optionality)
