<<<<<<< HEAD
131166
=======
154217
>>>>>>> 46be133 (checkpoint: adding withdraw optionality)
