<<<<<<< HEAD
61013
=======
83244
>>>>>>> 46be133 (checkpoint: adding withdraw optionality)
