<<<<<<< Updated upstream
113398
=======
112268
>>>>>>> Stashed changes
