<<<<<<< Updated upstream
176325
=======
175120
>>>>>>> Stashed changes
