<<<<<<< Updated upstream
131597
=======
130216
>>>>>>> Stashed changes
