<<<<<<< HEAD
49720
=======
49210
>>>>>>> a68ef0d (add gas snaps)
