<<<<<<< HEAD
124982
=======
124454
>>>>>>> a68ef0d (add gas snaps)
