<<<<<<< HEAD
109692
=======
109161
>>>>>>> a68ef0d (add gas snaps)
