<<<<<<< HEAD
91502
=======
85488
>>>>>>> a68ef0d (add gas snaps)
